<html>
<body>
<pre>
<h1>µVision Build Log</h1>
<h2>Tool Versions:</h2>
IDE-Version: ¦ÌVision V5.36.0.0
Copyright (C) 2021 ARM Ltd and ARM Germany GmbH. All rights reserved.
License Information: 222 freedom, 222, LIC=HF82M-XR46U-VJ56J-UHBNL-4VUYC-8F1JN
 
Tool Versions:
Toolchain:       MDK-ARM Professional  Version: 5.36.0.0
Toolchain Path:  D:\APP\KeilArm\ARM\ARMCC\Bin
C Compiler:      Armcc.exe V5.06 update 7 (build 960)
Assembler:       Armasm.exe V5.06 update 7 (build 960)
Linker/Locator:  ArmLink.exe V5.06 update 7 (build 960)
Library Manager: ArmAr.exe V5.06 update 7 (build 960)
Hex Converter:   FromElf.exe V5.06 update 7 (build 960)
CPU DLL:         SARMCM3DLL
Dialog DLL:      DCM.DLL V1.17.3.0
Target DLL:      STLink\ST-LINKIII-KEIL_SWO.dll V3.0.9.0
Dialog DLL:      TCM.DLL V1.53.0.0
 
<h2>Project:</h2>
G:\H7_History\STM32H750XB\MDK-ARM\STM32H750XB.uvprojx
Project File Date:  09/06/2022

<h2>Output:</h2>
*** Using Compiler 'V5.06 update 7 (build 960)', folder: 'D:\APP\KeilArm\ARM\ARMCC\Bin'
Build target 'STM32H750XB'
Note: source file '../Middlewares/Third_Party/RealThread_RTOS/src/mem.c' - object file renamed from 'STM32H750XB\mem.o' to 'STM32H750XB\mem_1.o'.
assembling startup_stm32h750xx.s...
compiling w25qxx.c...
compiling gpio.c...
compiling dma.c...
compiling main.c...
..\Core\Src\main.c(268): warning:  #223-D: function "LvgBspInit" declared implicitly
  	LvgBspInit();
..\Core\Src\main.c(269): warning:  #223-D: function "lv_demo_widgets" declared implicitly
  	lv_demo_widgets();
..\Core\Src\main.c(309): warning:  #188-D: enumerated type mixed with another type
  		HAL_GPIO_WritePin(GPIOI, GPIO_PIN_8, status);
..\Core\Src\main.c(445): warning:  #1-D: last line of file ends without a newline
  //  }
..\Core\Src\main.c: 4 warnings, 0 errors
compiling quadspi.c...
compiling dma2d.c...
compiling ltdc.c...
../Core/Src/ltdc.c(64): warning:  #513-D: a value of type "uint16_t *" cannot be assigned to an entity of type "uint32_t"
    pLayerCfg.FBStartAdress = disp_buf;
../Core/Src/ltdc.c: 1 warning, 0 errors
compiling fmc.c...
compiling sai.c...
compiling sdmmc.c...
compiling stm32h7xx_hal_cortex.c...
compiling stm32h7xx_it.c...
compiling stm32h7xx_hal_rcc.c...
compiling stm32h7xx_hal_msp.c...
compiling stm32h7xx_hal_dma2d.c...
compiling stm32h7xx_hal_rcc_ex.c...
compiling stm32h7xx_hal_flash.c...
compiling stm32h7xx_hal_flash_ex.c...
compiling stm32h7xx_hal_dma_ex.c...
compiling stm32h7xx_hal_mdma.c...
compiling stm32h7xx_hal_hsem.c...
compiling stm32h7xx_hal_gpio.c...
compiling stm32h7xx_hal_pwr.c...
compiling stm32h7xx_hal_dma.c...
compiling stm32h7xx_hal_pwr_ex.c...
compiling stm32h7xx_hal.c...
compiling stm32h7xx_hal_i2c_ex.c...
compiling stm32h7xx_ll_fmc.c...
compiling stm32h7xx_hal_exti.c...
compiling stm32h7xx_hal_ltdc_ex.c...
compiling stm32h7xx_hal_i2c.c...
compiling stm32h7xx_hal_sdram.c...
compiling stm32h7xx_hal_ltdc.c...
compiling stm32h7xx_hal_qspi.c...
compiling stm32h7xx_hal_sai_ex.c...
compiling stm32h7xx_ll_sdmmc.c...
compiling stm32h7xx_hal_sai.c...
compiling stm32h7xx_hal_tim_ex.c...
compiling stm32h7xx_hal_sd.c...
compiling stm32h7xx_hal_sd_ex.c...
compiling stm32h7xx_ll_delayblock.c...
compiling img_benchmark_cogwheel_alpha16.c...
compiling img_benchmark_cogwheel_argb.c...
compiling stm32h7xx_hal_tim.c...
compiling img_benchmark_cogwheel_rgb.c...
compiling ctiic.c...
compiling img_benchmark_cogwheel_indexed16.c...
compiling gt9147.c...
compiling system_stm32h7xx.c...
compiling img_benchmark_cogwheel_chroma_keyed.c...
compiling lv_demo_benchmark.c...
compiling lv_demo_keypad_encoder.c...
compiling lv_font_montserrat_16_compr_az.c...
compiling lv_font_montserrat_12_compr_az.c...
compiling img_clothes.c...
compiling MusicDecode.c...
..\Application\MusicDecode.c(161): warning:  #167-D: argument of type "uint8_t *" is incompatible with parameter of type "const char *"
  						else if(strcmp(mq_buff , MUSIC_PAUSE) == 0){
..\Application\MusicDecode.c(189): warning:  #111-D: statement is unreachable
  	return;
..\Application\MusicDecode.c(29): warning:  #550-D: variable "data"  was set but never used
   Data *data = NULL;
..\Application\MusicDecode.c: 3 warnings, 0 errors
compiling lv_font_montserrat_28_compr_az.c...
compiling img_demo_widgets_avatar.c...
compiling img_lvgl_logo.c...
compiling lv_group.c...
compiling lv_event.c...
compiling lv_demo_widgets.c...
..\Middlewares\LVGL\lv_demos\src\lv_demo_widgets\lv_demo_widgets.c(1062): warning:  #188-D: enumerated type mixed with another type
          lv_palette_t palette_secondary = (*palette_primary) + 3; /*Use an other palette as secondary*/
..\Middlewares\LVGL\lv_demos\src\lv_demo_widgets\lv_demo_widgets.c(1063): warning:  #188-D: enumerated type mixed with another type
          if(palette_secondary >= _LV_PALETTE_LAST) palette_secondary = 0;
..\Middlewares\LVGL\lv_demos\src\lv_demo_widgets\lv_demo_widgets.c(1309): warning:  #167-D: argument of type "const char *" is incompatible with parameter of type "char *"
                  lv_snprintf(dsc->text, sizeof(dsc->text), "%s", month[dsc->value]);
..\Middlewares\LVGL\lv_demos\src\lv_demo_widgets\lv_demo_widgets.c(1312): warning:  #167-D: argument of type "const char *" is incompatible with parameter of type "char *"
                  lv_snprintf(dsc->text, sizeof(dsc->text), "%s", month[dsc->value]);
..\Middlewares\LVGL\lv_demos\src\lv_demo_widgets\lv_demo_widgets.c(1424): warning:  #167-D: argument of type "const char *" is incompatible with parameter of type "char *"
              lv_snprintf(dsc->text, sizeof(dsc->text), "%s", month[dsc->value]);
..\Middlewares\LVGL\lv_demos\src\lv_demo_widgets\lv_demo_widgets.c: 5 warnings, 0 errors
compiling lv_disp.c...
compiling lv_indev_scroll.c...
compiling lv_obj.c...
compiling lv_obj_class.c...
compiling lv_obj_draw.c...
compiling lv_indev.c...
compiling lv_obj_style.c...
compiling lv_obj_scroll.c...
compiling lv_obj_style_gen.c...
compiling lv_obj_pos.c...
compiling lv_theme.c...
compiling lv_draw_img.c...
compiling lv_refr.c...
compiling lv_draw_arc.c...
compiling lv_obj_tree.c...
compiling lv_draw_blend.c...
compiling lv_draw_label.c...
compiling lv_img_buf.c...
compiling lv_img_cache.c...
compiling lv_draw_triangle.c...
compiling lv_draw_mask.c...
compiling lv_draw_line.c...
compiling lv_img_decoder.c...
compiling lv_flex.c...
..\Middlewares\LVGL\src\extra\layouts\flex\lv_flex.c(94): warning:  #188-D: enumerated type mixed with another type
      LV_STYLE_FLEX_MAIN_PLACE = lv_style_register_prop() | LV_STYLE_PROP_LAYOUT_REFR;
..\Middlewares\LVGL\src\extra\layouts\flex\lv_flex.c(95): warning:  #188-D: enumerated type mixed with another type
      LV_STYLE_FLEX_CROSS_PLACE = lv_style_register_prop() | LV_STYLE_PROP_LAYOUT_REFR;
..\Middlewares\LVGL\src\extra\layouts\flex\lv_flex.c(96): warning:  #188-D: enumerated type mixed with another type
      LV_STYLE_FLEX_TRACK_PLACE = lv_style_register_prop() | LV_STYLE_PROP_LAYOUT_REFR;
..\Middlewares\LVGL\src\extra\layouts\flex\lv_flex.c: 3 warnings, 0 errors
compiling lv_snapshot.c...
compiling lv_theme_mono.c...
compiling lv_grid.c...
..\Middlewares\LVGL\src\extra\layouts\grid\lv_grid.c(103): warning:  #188-D: enumerated type mixed with another type
      LV_STYLE_GRID_COLUMN_DSC_ARRAY = lv_style_register_prop() | LV_STYLE_PROP_LAYOUT_REFR;
..\Middlewares\LVGL\src\extra\layouts\grid\lv_grid.c(104): warning:  #188-D: enumerated type mixed with another type
      LV_STYLE_GRID_ROW_DSC_ARRAY = lv_style_register_prop() | LV_STYLE_PROP_LAYOUT_REFR;
..\Middlewares\LVGL\src\extra\layouts\grid\lv_grid.c(105): warning:  #188-D: enumerated type mixed with another type
      LV_STYLE_GRID_COLUMN_ALIGN = lv_style_register_prop() | LV_STYLE_PROP_LAYOUT_REFR;
..\Middlewares\LVGL\src\extra\layouts\grid\lv_grid.c(106): warning:  #188-D: enumerated type mixed with another type
      LV_STYLE_GRID_ROW_ALIGN = lv_style_register_prop() | LV_STYLE_PROP_LAYOUT_REFR;
..\Middlewares\LVGL\src\extra\layouts\grid\lv_grid.c(108): warning:  #188-D: enumerated type mixed with another type
      LV_STYLE_GRID_CELL_ROW_SPAN = lv_style_register_prop() | LV_STYLE_PROP_LAYOUT_REFR;
..\Middlewares\LVGL\src\extra\layouts\grid\lv_grid.c(109): warning:  #188-D: enumerated type mixed with another type
      LV_STYLE_GRID_CELL_ROW_POS = lv_style_register_prop() | LV_STYLE_PROP_LAYOUT_REFR;
..\Middlewares\LVGL\src\extra\layouts\grid\lv_grid.c(110): warning:  #188-D: enumerated type mixed with another type
      LV_STYLE_GRID_CELL_COLUMN_SPAN = lv_style_register_prop() | LV_STYLE_PROP_LAYOUT_REFR;
..\Middlewares\LVGL\src\extra\layouts\grid\lv_grid.c(111): warning:  #188-D: enumerated type mixed with another type
      LV_STYLE_GRID_CELL_COLUMN_POS = lv_style_register_prop() | LV_STYLE_PROP_LAYOUT_REFR;
..\Middlewares\LVGL\src\extra\layouts\grid\lv_grid.c(112): warning:  #188-D: enumerated type mixed with another type
      LV_STYLE_GRID_CELL_X_ALIGN = lv_style_register_prop() | LV_STYLE_PROP_LAYOUT_REFR;
..\Middlewares\LVGL\src\extra\layouts\grid\lv_grid.c(113): warning:  #188-D: enumerated type mixed with another type
      LV_STYLE_GRID_CELL_Y_ALIGN = lv_style_register_prop() | LV_STYLE_PROP_LAYOUT_REFR;
..\Middlewares\LVGL\src\extra\layouts\grid\lv_grid.c(554): warning:  #188-D: enumerated type mixed with another type
      lv_grid_align_t col_align = get_cell_col_align(item);
..\Middlewares\LVGL\src\extra\layouts\grid\lv_grid.c(555): warning:  #188-D: enumerated type mixed with another type
      lv_grid_align_t row_align = get_cell_row_align(item);
..\Middlewares\LVGL\src\extra\layouts\grid\lv_grid.c: 12 warnings, 0 errors
compiling lv_animimg.c...
compiling lv_draw_rect.c...
compiling lv_calendar_header_arrow.c...
compiling lv_theme_basic.c...
compiling lv_calendar.c...
compiling lv_calendar_header_dropdown.c...
compiling lv_keyboard.c...
compiling lv_theme_default.c...
..\Middlewares\LVGL\src\extra\themes\default\lv_theme_default.c(208): warning:  #188-D: enumerated type mixed with another type
..\Middlewares\LVGL\src\extra\themes\default\lv_theme_default.c: 1 warning, 0 errors
compiling lv_list.c...
compiling lv_colorwheel.c...
compiling lv_imgbtn.c...
compiling lv_led.c...
compiling lv_msgbox.c...
compiling lv_tabview.c...
compiling lv_meter.c...
compiling lv_chart.c...
compiling lv_spinbox.c...
compiling lv_spinner.c...
compiling lv_tileview.c...
compiling lv_span.c...
..\Middlewares\LVGL\src\extra\widgets\span\lv_span.c(60): warning:  #1295-D: Deprecated declaration lv_get_snippet_cnt - give arg types
  static uint16_t lv_get_snippet_cnt();
..\Middlewares\LVGL\src\extra\widgets\span\lv_span.c(916): warning:  #546-D: transfer of control bypasses initialization of:
            variable "align"  (declared at line 920)
              goto Next_line_init;
              ^
..\Middlewares\LVGL\src\extra\widgets\span\lv_span.c: 2 warnings, 0 errors
compiling lv_font.c...
compiling lv_win.c...
compiling lv_extra.c...
compiling lv_font_montserrat_10.c...
compiling lv_font_dejavu_16_persian_hebrew.c...
compiling lv_font_montserrat_8.c...
compiling lv_font_fmt_txt.c...
..\Middlewares\LVGL\src\font\lv_font_fmt_txt.c(137): warning:  #111-D: statement is unreachable
      return NULL;
..\Middlewares\LVGL\src\font\lv_font_fmt_txt.c: 1 warning, 0 errors
compiling lv_font_loader.c...
compiling lv_font_montserrat_14.c...
compiling lv_font_montserrat_12_subpx.c...
compiling lv_font_montserrat_12.c...
compiling lv_font_montserrat_18.c...
compiling lv_font_montserrat_16.c...
compiling lv_font_montserrat_20.c...
compiling lv_font_montserrat_22.c...
compiling lv_font_montserrat_24.c...
compiling lv_font_montserrat_28.c...
compiling lv_font_montserrat_28_compressed.c...
compiling lv_font_montserrat_26.c...
compiling lv_font_montserrat_34.c...
compiling lv_font_montserrat_30.c...
compiling lv_font_montserrat_32.c...
compiling lv_font_montserrat_36.c...
compiling lv_font_montserrat_44.c...
compiling lv_font_montserrat_46.c...
compiling lv_font_montserrat_40.c...
compiling lv_font_montserrat_42.c...
compiling lv_font_montserrat_38.c...
compiling lv_font_montserrat_48.c...
compiling lv_font_unscii_8.c...
compiling lv_hal_indev.c...
compiling lv_anim.c...
compiling lv_font_unscii_16.c...
compiling lv_font_simsun_16_cjk.c...
compiling lv_anim_timeline.c...
compiling lv_hal_disp.c...
..\Middlewares\LVGL\src\hal\lv_hal_disp.c(421): warning:  #188-D: enumerated type mixed with another type
      return disp->driver->rotated;
..\Middlewares\LVGL\src\hal\lv_hal_disp.c: 1 warning, 0 errors
compiling lv_area.c...
compiling lv_gpu_stm32_dma2d.c...
compiling lv_hal_tick.c...
compiling lv_gc.c...
compiling lv_async.c...
compiling lv_fs.c...
compiling lv_color.c...
compiling lv_bidi.c...
compiling lv_log.c...
compiling lv_style_gen.c...
compiling lv_ll.c...
compiling lv_math.c...
compiling lv_mem.c...
..\Middlewares\LVGL\src\misc\lv_mem.c(309): warning:  #111-D: statement is unreachable
      return NULL;
..\Middlewares\LVGL\src\misc\lv_mem.c: 1 warning, 0 errors
compiling lv_style.c...
..\Middlewares\LVGL\src\misc\lv_style.c(75): warning:  #188-D: enumerated type mixed with another type
      return act_id;
..\Middlewares\LVGL\src\misc\lv_style.c: 1 warning, 0 errors
compiling lv_templ.c...
compiling lv_printf.c...
compiling lv_timer.c...
compiling lv_tlsf.c...
compiling lv_txt.c...
compiling lv_btn.c...
compiling lv_utils.c...
compiling lv_txt_ap.c...
compiling lv_arc.c...
compiling lv_bar.c...
..\Middlewares\LVGL\src\widgets\lv_bar.c(133): warning:  #188-D: enumerated type mixed with another type
          lv_bar_set_value(obj, bar->cur_value, false);
..\Middlewares\LVGL\src\widgets\lv_bar.c(137): warning:  #188-D: enumerated type mixed with another type
          lv_bar_set_value(obj, bar->cur_value, false);
..\Middlewares\LVGL\src\widgets\lv_bar.c: 2 warnings, 0 errors
compiling lv_btnmatrix.c...
compiling lv_canvas.c...
compiling lv_checkbox.c...
compiling lv_objx_templ.c...
compiling lv_dropdown.c...
compiling lv_label.c...
compiling lv_line.c...
compiling lv_img.c...
compiling lv_switch.c...
compiling lv_slider.c...
compiling lv_table.c...
compiling lv_roller.c...
..\Middlewares\LVGL\src\widgets\lv_roller.c(335): warning:  #188-D: enumerated type mixed with another type
          refr_position(obj, false);
..\Middlewares\LVGL\src\widgets\lv_roller.c(338): warning:  #188-D: enumerated type mixed with another type
          refr_position(obj, false);
..\Middlewares\LVGL\src\widgets\lv_roller.c(368): warning:  #188-D: enumerated type mixed with another type
                      refr_position(obj, true);
..\Middlewares\LVGL\src\widgets\lv_roller.c(385): warning:  #188-D: enumerated type mixed with another type
              refr_position(obj, true);
..\Middlewares\LVGL\src\widgets\lv_roller.c(393): warning:  #188-D: enumerated type mixed with another type
                  lv_roller_set_selected(obj, roller->sel_opt_id + 1, true);
..\Middlewares\LVGL\src\widgets\lv_roller.c(401): warning:  #188-D: enumerated type mixed with another type
                  lv_roller_set_selected(obj, roller->sel_opt_id - 1, true);
..\Middlewares\LVGL\src\widgets\lv_roller.c: 6 warnings, 0 errors
compiling lv_png.c...
..\Middlewares\LVGL\Lv_lib_png\lv_png.c(55): warning:  #260-D: explicit type is missing ("int" assumed)
  	  static sizeBuf;
..\Middlewares\LVGL\Lv_lib_png\lv_png.c(55): warning:  #177-D: variable "sizeBuf"  was declared but never referenced
  	  static sizeBuf;
..\Middlewares\LVGL\Lv_lib_png\lv_png.c: 2 warnings, 0 errors
compiling lv_gif.c...
compiling gifdec.c...
..\Middlewares\LVGL\lv_lib_gif\gifdec.c(530): warning:  #546-D: transfer of control bypasses initialization of:
            variable "opa"  (declared at line 534)
      switch (gif->gce.disposal) {
      ^
..\Middlewares\LVGL\lv_lib_gif\gifdec.c(652): warning:  #188-D: enumerated type mixed with another type
          lv_fs_seek(&gif->fd, pos, k);
..\Middlewares\LVGL\lv_lib_gif\gifdec.c: 2 warnings, 0 errors
compiling lv_textarea.c...
compiling about.c...
compiling delet.c...
compiling image.c...
compiling mail.c...
compiling pos.c...
compiling LvglBsp.c...
..\Middlewares\LVGL\lvglBsp.h(10): warning:  #1295-D: Deprecated declaration LvgBspInit - give arg types
  void LvgBspInit();
..\Middlewares\LVGL\lvglBsp.h(12): warning:  #1-D: last line of file ends without a newline
   
..\Middlewares\LVGL\LvglBsp.c(53): warning:  #167-D: argument of type "unsigned int" is incompatible with parameter of type "void *"
  	(0xC0000000+((area->x1)*2)+((area->y1)*800*2)),
..\Middlewares\LVGL\LvglBsp.c(110): warning:  #550-D: variable "disp"  was set but never used
  	lv_disp_t * disp;
..\Middlewares\LVGL\LvglBsp.c(178): warning:  #120-D: return value type does not match the function type
      	return LV_FS_RES_UNKNOWN;
..\Middlewares\LVGL\LvglBsp.c(178): warning:  #152-D: conversion of nonzero integer to pointer
      	return LV_FS_RES_UNKNOWN;
..\Middlewares\LVGL\LvglBsp.c(203): warning:  #188-D: enumerated type mixed with another type
  	 volatile FRESULT res = 0;
..\Middlewares\LVGL\LvglBsp.c(206): warning:  #188-D: enumerated type mixed with another type
  		res = 0;
..\Middlewares\LVGL\LvglBsp.c(212): warning:  #111-D: statement is unreachable
  		return LV_FS_RES_UNKNOWN;
..\Middlewares\LVGL\LvglBsp.c(224): warning:  #111-D: statement is unreachable
  		return LV_FS_RES_UNKNOWN;
..\Middlewares\LVGL\LvglBsp.c(273): warning:  #111-D: statement is unreachable
  		return LV_FS_RES_UNKNOWN;
..\Middlewares\LVGL\LvglBsp.c(273): warning:  #120-D: return value type does not match the function type
  		return LV_FS_RES_UNKNOWN;
..\Middlewares\LVGL\LvglBsp.c(273): warning:  #152-D: conversion of nonzero integer to pointer
  		return LV_FS_RES_UNKNOWN;
..\Middlewares\LVGL\LvglBsp.c: 13 warnings, 0 errors
compiling ExternFont.c...
compiling MyGuiDemo.c...
..\Middlewares\LVGL\MyGuiDemo.c(73): warning:  #69-D: integer conversion resulted in truncation
      bg_imgbtn_color.full = 0x33889;
..\Middlewares\LVGL\MyGuiDemo.c(172): warning:  #167-D: argument of type "int" is incompatible with parameter of type "void *"
  		lv_event_send(imgbtnPlay , LV_EVENT_CLICKED , 1);
..\Middlewares\LVGL\MyGuiDemo.c(172): warning:  #152-D: conversion of nonzero integer to pointer
  		lv_event_send(imgbtnPlay , LV_EVENT_CLICKED , 1);
..\Middlewares\LVGL\MyGuiDemo.c: 3 warnings, 0 errors
compiling diskio.c...
compiling ffsystem.c...
compiling ff_gen_drv.c...
compiling ffunicode.c...
compiling bsp_driver_sd.c...
compiling clock.c...
compiling fatfs.c...
compiling background.c...
compiling components.c...
compiling sd_diskio.c...
../FATFS/Target/sd_diskio.c(251): warning:  #223-D: function "memcpy" declared implicitly
                              memcpy(buff, scratch, BLOCKSIZE);
../FATFS/Target/sd_diskio.c(337): warning:  #223-D: function "memcpy" declared implicitly
              memcpy((void *)scratch, (void *)buff, BLOCKSIZE);
../FATFS/Target/sd_diskio.c: 2 warnings, 0 errors
compiling cpu.c...
compiling context_rvds.S...
compiling irq.c...
compiling ff.c...
compiling idle.c...
compiling mempool.c...
compiling memheap.c...
compiling object.c...
compiling mem.c...
compiling kservice.c...
compiling ipc.c...
compiling slab.c...
compiling scheduler.c...
compiling retarget_io.c...
compiling thread.c...
compiling timer.c...
compiling cpuport.c...
../Middlewares/Third_Party/RealThread_RTOS/libcpu/arm/cortex-m7/cpuport.c(377): warning:  #177-D: variable "context"  was declared but never referenced
      struct stack_frame *context = &exception_info->stack_frame;
../Middlewares/Third_Party/RealThread_RTOS/libcpu/arm/cortex-m7/cpuport.c: 1 warning, 0 errors
compiling board.c...
compiling cpu_cache.c...
compiling lodepng.c...
..\Middlewares\LVGL\Lv_lib_png\lodepng.c(376): warning:  #188-D: enumerated type mixed with another type
      if(lv_fs_seek(&f, 0, SEEK_END) != 0) {
..\Middlewares\LVGL\Lv_lib_png\lodepng.c(5562): warning:  #186-D: pointless comparison of unsigned integer with zero
    if(strategy >= LFS_ZERO && strategy <= LFS_FOUR) {
..\Middlewares\LVGL\Lv_lib_png\lodepng.c(668): warning:  #177-D: function "lode_png_test_bitreader"  was declared but never referenced
  static unsigned lode_png_test_bitreader(const unsigned char* data, size_t size,
..\Middlewares\LVGL\Lv_lib_png\lodepng.c: 3 warnings, 0 errors
compiling EventRecorder.c...
linking...
STM32H750XB\STM32H750XB.sct(33): warning: L6329W: Pattern stm32h7xx_hal_dma_ex.o(RO) only matches removed unused sections.
STM32H750XB\STM32H750XB.sct(35): warning: L6329W: Pattern stm32h7xx_hal_i2c.o(RO) only matches removed unused sections.
STM32H750XB\STM32H750XB.sct(36): warning: L6329W: Pattern stm32h7xx_hal_i2c_ex.o(RO) only matches removed unused sections.
STM32H750XB\STM32H750XB.sct(40): warning: L6329W: Pattern stm32h7xx_hal_ltdc_ex.o(RO) only matches removed unused sections.
STM32H750XB\STM32H750XB.sct(42): warning: L6329W: Pattern stm32h7xx_hal_sai_ex.o(RO) only matches removed unused sections.
STM32H750XB\STM32H750XB.sct(45): warning: L6329W: Pattern stm32h7xx_hal_sd_ex.o(RO) only matches removed unused sections.
STM32H750XB\STM32H750XB.sct(49): warning: L6329W: Pattern img_benchmark_cogwheel_alpha16.o(RO) only matches removed unused sections.
STM32H750XB\STM32H750XB.sct(50): warning: L6329W: Pattern img_benchmark_cogwheel_argb.o(RO) only matches removed unused sections.
STM32H750XB\STM32H750XB.sct(51): warning: L6329W: Pattern img_benchmark_cogwheel_chroma_keyed.o(RO) only matches removed unused sections.
STM32H750XB\STM32H750XB.sct(52): warning: L6329W: Pattern img_benchmark_cogwheel_indexed16.o(RO) only matches removed unused sections.
STM32H750XB\STM32H750XB.sct(53): warning: L6329W: Pattern img_benchmark_cogwheel_rgb.o(RO) only matches removed unused sections.
STM32H750XB\STM32H750XB.sct(54): warning: L6329W: Pattern lv_demo_benchmark.o(RO) only matches removed unused sections.
STM32H750XB\STM32H750XB.sct(55): warning: L6329W: Pattern lv_font_montserrat_12_compr_az.o(RO) only matches removed unused sections.
STM32H750XB\STM32H750XB.sct(56): warning: L6329W: Pattern lv_font_montserrat_16_compr_az.o(RO) only matches removed unused sections.
STM32H750XB\STM32H750XB.sct(57): warning: L6329W: Pattern lv_font_montserrat_28_compr_az.o(RO) only matches removed unused sections.
STM32H750XB\STM32H750XB.sct(58): warning: L6329W: Pattern lv_demo_keypad_encoder.o(RO) only matches removed unused sections.
STM32H750XB\STM32H750XB.sct(85): warning: L6329W: Pattern lv_draw_triangle.o(RO) only matches removed unused sections.
STM32H750XB\STM32H750XB.sct(91): warning: L6329W: Pattern lv_snapshot.o(RO) only matches removed unused sections.
STM32H750XB\STM32H750XB.sct(92): warning: L6329W: Pattern lv_theme_basic.o(RO) only matches removed unused sections.
STM32H750XB\STM32H750XB.sct(94): warning: L6329W: Pattern lv_theme_mono.o(RO) only matches removed unused sections.
STM32H750XB\STM32H750XB.sct(95): warning: L6329W: Pattern lv_animimg.o(RO) only matches removed unused sections.
STM32H750XB\STM32H750XB.sct(101): warning: L6329W: Pattern lv_imgbtn.o(RO) only matches removed unused sections.
STM32H750XB\STM32H750XB.sct(107): warning: L6329W: Pattern lv_span.o(RO) only matches removed unused sections.
STM32H750XB\STM32H750XB.sct(115): warning: L6329W: Pattern lv_font_dejavu_16_persian_hebrew.o(RO) only matches removed unused sections.
STM32H750XB\STM32H750XB.sct(117): warning: L6329W: Pattern lv_font_loader.o(RO) only matches removed unused sections.
STM32H750XB\STM32H750XB.sct(118): warning: L6314W: No section matches pattern lv_font_montserrat_8.o(RO).
STM32H750XB\STM32H750XB.sct(119): warning: L6314W: No section matches pattern lv_font_montserrat_10.o(RO).
STM32H750XB\STM32H750XB.sct(120): warning: L6314W: No section matches pattern lv_font_montserrat_12.o(RO).
STM32H750XB\STM32H750XB.sct(121): warning: L6329W: Pattern lv_font_montserrat_12_subpx.o(RO) only matches removed unused sections.
STM32H750XB\STM32H750XB.sct(122): warning: L6314W: No section matches pattern lv_font_montserrat_14.o(RO).
STM32H750XB\STM32H750XB.sct(124): warning: L6314W: No section matches pattern lv_font_montserrat_18.o(RO).
STM32H750XB\STM32H750XB.sct(125): warning: L6314W: No section matches pattern lv_font_montserrat_20.o(RO).
STM32H750XB\STM32H750XB.sct(126): warning: L6314W: No section matches pattern lv_font_montserrat_22.o(RO).
STM32H750XB\STM32H750XB.sct(127): warning: L6314W: No section matches pattern lv_font_montserrat_24.o(RO).
STM32H750XB\STM32H750XB.sct(128): warning: L6314W: No section matches pattern lv_font_montserrat_26.o(RO).
STM32H750XB\STM32H750XB.sct(129): warning: L6314W: No section matches pattern lv_font_montserrat_28.o(RO).
STM32H750XB\STM32H750XB.sct(130): warning: L6329W: Pattern lv_font_montserrat_28_compressed.o(RO) only matches removed unused sections.
STM32H750XB\STM32H750XB.sct(131): warning: L6314W: No section matches pattern lv_font_montserrat_30.o(RO).
STM32H750XB\STM32H750XB.sct(132): warning: L6314W: No section matches pattern lv_font_montserrat_32.o(RO).
STM32H750XB\STM32H750XB.sct(133): warning: L6314W: No section matches pattern lv_font_montserrat_34.o(RO).
STM32H750XB\STM32H750XB.sct(134): warning: L6314W: No section matches pattern lv_font_montserrat_36.o(RO).
STM32H750XB\STM32H750XB.sct(135): warning: L6314W: No section matches pattern lv_font_montserrat_38.o(RO).
STM32H750XB\STM32H750XB.sct(136): warning: L6314W: No section matches pattern lv_font_montserrat_40.o(RO).
STM32H750XB\STM32H750XB.sct(137): warning: L6314W: No section matches pattern lv_font_montserrat_42.o(RO).
STM32H750XB\STM32H750XB.sct(138): warning: L6314W: No section matches pattern lv_font_montserrat_44.o(RO).
STM32H750XB\STM32H750XB.sct(139): warning: L6314W: No section matches pattern lv_font_montserrat_46.o(RO).
STM32H750XB\STM32H750XB.sct(140): warning: L6314W: No section matches pattern lv_font_montserrat_48.o(RO).
STM32H750XB\STM32H750XB.sct(141): warning: L6329W: Pattern lv_font_simsun_16_cjk.o(RO) only matches removed unused sections.
STM32H750XB\STM32H750XB.sct(142): warning: L6329W: Pattern lv_font_unscii_8.o(RO) only matches removed unused sections.
STM32H750XB\STM32H750XB.sct(143): warning: L6314W: No section matches pattern lv_font_unscii_16.o(RO).
STM32H750XB\STM32H750XB.sct(144): warning: L6329W: Pattern lv_gpu_stm32_dma2d.o(RO) only matches removed unused sections.
STM32H750XB\STM32H750XB.sct(149): warning: L6329W: Pattern lv_anim_timeline.o(RO) only matches removed unused sections.
STM32H750XB\STM32H750XB.sct(154): warning: L6329W: Pattern lv_gc.o(RO) only matches removed unused sections.
STM32H750XB\STM32H750XB.sct(156): warning: L6314W: No section matches pattern lv_log.o(RO).
STM32H750XB\STM32H750XB.sct(161): warning: L6314W: No section matches pattern lv_templ.o(RO).
STM32H750XB\STM32H750XB.sct(162): warning: L6314W: No section matches pattern lv_tlsf.o(RO).
STM32H750XB\STM32H750XB.sct(170): warning: L6329W: Pattern lv_canvas.o(RO) only matches removed unused sections.
STM32H750XB\STM32H750XB.sct(176): warning: L6314W: No section matches pattern lv_objx_templ.o(RO).
STM32H750XB\STM32H750XB.sct(182): warning: L6329W: Pattern lodepng.o(RO) only matches removed unused sections.
STM32H750XB\STM32H750XB.sct(183): warning: L6329W: Pattern lv_png.o(RO) only matches removed unused sections.
STM32H750XB\STM32H750XB.sct(184): warning: L6329W: Pattern gifdec.o(RO) only matches removed unused sections.
STM32H750XB\STM32H750XB.sct(185): warning: L6329W: Pattern lv_gif.o(RO) only matches removed unused sections.
STM32H750XB\STM32H750XB.sct(187): warning: L6329W: Pattern MyGuiDemo.o(RO) only matches removed unused sections.
STM32H750XB\STM32H750XB.sct(188): warning: L6329W: Pattern about.o(RO) only matches removed unused sections.
STM32H750XB\STM32H750XB.sct(189): warning: L6329W: Pattern background.o(RO) only matches removed unused sections.
STM32H750XB\STM32H750XB.sct(190): warning: L6329W: Pattern delet.o(RO) only matches removed unused sections.
STM32H750XB\STM32H750XB.sct(191): warning: L6329W: Pattern image.o(RO) only matches removed unused sections.
STM32H750XB\STM32H750XB.sct(192): warning: L6329W: Pattern mail.o(RO) only matches removed unused sections.
STM32H750XB\STM32H750XB.sct(193): warning: L6329W: Pattern pos.o(RO) only matches removed unused sections.
STM32H750XB\STM32H750XB.sct(194): warning: L6329W: Pattern ExternFont.o(RO) only matches removed unused sections.
STM32H750XB\STM32H750XB.sct(200): warning: L6314W: No section matches pattern mem.o(RO).
Program Size: Code=305868 RO-data=110544 RW-data=1348 ZI-data=23265828  
Finished: 0 information, 71 warning and 0 error messages.
FromELF: creating hex file...
"STM32H750XB\STM32H750XB.axf" - 0 Error(s), 140 Warning(s).

<h2>Software Packages used:</h2>

Package Vendor: ARM
                http://www.keil.com/pack/ARM.CMSIS.5.8.0.pack
                ARM.CMSIS.5.8.0
                CMSIS (Common Microcontroller Software Interface Standard)
   * Component: CORE Version: 5.5.0

Package Vendor: Keil
                http://www.keil.com/pack/Keil.ARM_Compiler.1.6.3.pack
                Keil.ARM_Compiler.1.6.3
                Keil ARM Compiler extensions for ARM Compiler 5 and ARM Compiler 6
   * Component: Event Recorder Variant: DAP Version: 1.4.0
   * Component: STDOUT Variant: EVR Version: 1.2.0

Package Vendor: Keil
                http://www.keil.com/pack/Keil.STM32H7xx_DFP.2.8.0.pack
                Keil.STM32H7xx_DFP.2.8.0
                STMicroelectronics STM32H7 Series Device Support and Examples

<h2>Collection of Component include folders:</h2>
  .\RTE\Compiler
  .\RTE\_STM32H750XB
  D:\APP\KeilArm\ARM\PACK\ARM\CMSIS\5.8.0\CMSIS\Core\Include
  D:\APP\KeilArm\ARM\PACK\Keil\ARM_Compiler\1.6.3\Include
  D:\APP\KeilArm\ARM\PACK\Keil\STM32H7xx_DFP\2.8.0\Drivers\CMSIS\Device\ST\STM32H7xx\Include

<h2>Collection of Component Files used:</h2>

   * Component: ARM::CMSIS:CORE:5.5.0
      Include file:  CMSIS\Core\Include\tz_context.h

   * Component: Keil.ARM Compiler::Compiler:Event Recorder:DAP:1.4.0
      Include file:  Config\EventRecorderConf.h
      Source file:   Source\EventRecorder.c
      Include file:  Include\EventRecorder.h

   * Component: Keil.ARM Compiler::Compiler:I/O:STDOUT:EVR:1.2.0
      Source file:   Source\retarget_io.c
Build Time Elapsed:  00:00:44
</pre>
</body>
</html>
